(lldb) target create "/private/tmp/mediamuster-accessibility-build/accessibility_probe"
Current executable set to '/private/tmp/mediamuster-accessibility-build/accessibility_probe' (arm64).
(lldb) settings set target.disable-aslr false
(lldb) breakpoint set -n objc_exception_throw
Breakpoint 1: where = libobjc.A.dylib`objc_exception_throw, address = 0x0000000180092b38
(lldb) run
Qt=6.5.3 platform=cocoa arch=arm64 guard=0 cycles=30
2026-09-24 14:52:46.446632+1000 accessibility_probe[36517:6979849] QAccessibleTable::cellAt: invalid index:  QModelIndex(-1,-1,0x0,QObject(0x0))  for  QListWidget(0x12fe29970)
2026-09-24 14:52:46.446675+1000 accessibility_probe[36517:6979849] QAccessibleTable::cellAt: invalid index:  QModelIndex(-1,-1,0x0,QObject(0x0))  for  QTableWidget(0x12fe2e260)
2026-09-24 14:52:46.446684+1000 accessibility_probe[36517:6979849] QAccessibleTable::cellAt: invalid index:  QModelIndex(-1,-1,0x0,QObject(0x0))  for  QTableWidget(0x12fe2e260)
2026-09-24 14:52:46.446695+1000 accessibility_probe[36517:6979849] QAccessibleTree::indexFromLogical: invalid index:  0 0  for  QTreeWidget(0x131088a40)
2026-09-24 14:52:46.446701+1000 accessibility_probe[36517:6979849] Requested invalid tree cell: 0 0
accessibility active=1
stage=QInputDialog::getItem
cycle=0 stage=list
2026-09-24 14:52:46.562592+1000 accessibility_probe[36517:6979849] QAccessibleTable::cellAt: invalid index:  QModelIndex(-1,-1,0x0,QObject(0x0))  for  QListWidget(0x12fe29970)
2026-09-24 14:52:46.562627+1000 accessibility_probe[36517:6979849] QAccessibleTable::cellAt: invalid index:  QModelIndex(-1,-1,0x0,QObject(0x0))  for  QTableWidget(0x12fe2e260)
2026-09-24 14:52:46.562638+1000 accessibility_probe[36517:6979849] QAccessibleTable::cellAt: invalid index:  QModelIndex(-1,-1,0x0,QObject(0x0))  for  QTableWidget(0x12fe2e260)
2026-09-24 14:52:46.562650+1000 accessibility_probe[36517:6979849] QAccessibleTree::indexFromLogical: invalid index:  0 0  for  QTreeWidget(0x131088a40)
2026-09-24 14:52:46.562655+1000 accessibility_probe[36517:6979849] Requested invalid tree cell: 0 0
2026-09-24 14:52:46.563646+1000 accessibility_probe[36517:6979849] QAccessibleTable::cellAt: invalid index:  QModelIndex(-1,-1,0x0,QObject(0x0))  for  QTableWidget(0x12fe2e260)
2026-09-24 14:52:46.563662+1000 accessibility_probe[36517:6979849] QAccessibleTable::cellAt: invalid index:  QModelIndex(-1,-1,0x0,QObject(0x0))  for  QTableWidget(0x12fe2e260)
2026-09-24 14:52:46.563673+1000 accessibility_probe[36517:6979849] QAccessibleTree::indexFromLogical: invalid index:  0 0  for  QTreeWidget(0x131088a40)
2026-09-24 14:52:46.563677+1000 accessibility_probe[36517:6979849] Requested invalid tree cell: 0 0
2026-09-24 14:52:46.564030+1000 accessibility_probe[36517:6979849] QAccessibleTable::cellAt: invalid index:  QModelIndex(-1,-1,0x0,QObject(0x0))  for  QTableWidget(0x12fe2e260)
2026-09-24 14:52:46.564038+1000 accessibility_probe[36517:6979849] QAccessibleTable::cellAt: invalid index:  QModelIndex(-1,-1,0x0,QObject(0x0))  for  QTableWidget(0x12fe2e260)
2026-09-24 14:52:46.564047+1000 accessibility_probe[36517:6979849] QAccessibleTree::indexFromLogical: invalid index:  0 0  for  QTreeWidget(0x131088a40)
2026-09-24 14:52:46.564051+1000 accessibility_probe[36517:6979849] Requested invalid tree cell: 0 0
2026-09-24 14:52:46.564422+1000 accessibility_probe[36517:6979849] QAccessibleTable::cellAt: invalid index:  QModelIndex(-1,-1,0x0,QObject(0x0))  for  QTableWidget(0x12fe2e260)
2026-09-24 14:52:46.564433+1000 accessibility_probe[36517:6979849] QAccessibleTable::cellAt: invalid index:  QModelIndex(-1,-1,0x0,QObject(0x0))  for  QTableWidget(0x12fe2e260)
2026-09-24 14:52:46.564443+1000 accessibility_probe[36517:6979849] QAccessibleTree::indexFromLogical: invalid index:  0 0  for  QTreeWidget(0x131088a40)
2026-09-24 14:52:46.564447+1000 accessibility_probe[36517:6979849] Requested invalid tree cell: 0 0
2026-09-24 14:52:46.564854+1000 accessibility_probe[36517:6979849] QAccessibleTable::cellAt: invalid index:  QModelIndex(-1,-1,0x0,QObject(0x0))  for  QTableWidget(0x12fe2e260)
2026-09-24 14:52:46.564863+1000 accessibility_probe[36517:6979849] QAccessibleTable::cellAt: invalid index:  QModelIndex(-1,-1,0x0,QObject(0x0))  for  QTableWidget(0x12fe2e260)
2026-09-24 14:52:46.564873+1000 accessibility_probe[36517:6979849] QAccessibleTree::indexFromLogical: invalid index:  0 0  for  QTreeWidget(0x131088a40)
2026-09-24 14:52:46.564876+1000 accessibility_probe[36517:6979849] Requested invalid tree cell: 0 0
2026-09-24 14:52:46.565304+1000 accessibility_probe[36517:6979849] QAccessibleTable::cellAt: invalid index:  QModelIndex(-1,-1,0x0,QObject(0x0))  for  QTableWidget(0x12fe2e260)
2026-09-24 14:52:46.565312+1000 accessibility_probe[36517:6979849] QAccessibleTable::cellAt: invalid index:  QModelIndex(-1,-1,0x0,QObject(0x0))  for  QTableWidget(0x12fe2e260)
2026-09-24 14:52:46.565321+1000 accessibility_probe[36517:6979849] QAccessibleTree::indexFromLogical: invalid index:  0 0  for  QTreeWidget(0x131088a40)
2026-09-24 14:52:46.565343+1000 accessibility_probe[36517:6979849] Requested invalid tree cell: 0 0
2026-09-24 14:52:46.565816+1000 accessibility_probe[36517:6979849] QAccessibleTable::cellAt: invalid index:  QModelIndex(-1,-1,0x0,QObject(0x0))  for  QTableWidget(0x12fe2e260)
2026-09-24 14:52:46.565825+1000 accessibility_probe[36517:6979849] QAccessibleTable::cellAt: invalid index:  QModelIndex(-1,-1,0x0,QObject(0x0))  for  QTableWidget(0x12fe2e260)
2026-09-24 14:52:46.565834+1000 accessibility_probe[36517:6979849] QAccessibleTree::indexFromLogical: invalid index:  0 0  for  QTreeWidget(0x131088a40)
2026-09-24 14:52:46.565837+1000 accessibility_probe[36517:6979849] Requested invalid tree cell: 0 0
2026-09-24 14:52:46.566449+1000 accessibility_probe[36517:6979849] QAccessibleTable::cellAt: invalid index:  QModelIndex(-1,-1,0x0,QObject(0x0))  for  QTableWidget(0x12fe2e260)
2026-09-24 14:52:46.566468+1000 accessibility_probe[36517:6979849] QAccessibleTable::cellAt: invalid index:  QModelIndex(-1,-1,0x0,QObject(0x0))  for  QTableWidget(0x12fe2e260)
2026-09-24 14:52:46.566481+1000 accessibility_probe[36517:6979849] QAccessibleTree::indexFromLogical: invalid index:  0 0  for  QTreeWidget(0x131088a40)
2026-09-24 14:52:46.566496+1000 accessibility_probe[36517:6979849] Requested invalid tree cell: 0 0
2026-09-24 14:52:46.567059+1000 accessibility_probe[36517:6979849] QAccessibleTable::cellAt: invalid index:  QModelIndex(-1,-1,0x0,QObject(0x0))  for  QTableWidget(0x12fe2e260)
2026-09-24 14:52:46.567070+1000 accessibility_probe[36517:6979849] QAccessibleTable::cellAt: invalid index:  QModelIndex(-1,-1,0x0,QObject(0x0))  for  QTableWidget(0x12fe2e260)
2026-09-24 14:52:46.567080+1000 accessibility_probe[36517:6979849] QAccessibleTree::indexFromLogical: invalid index:  0 0  for  QTreeWidget(0x131088a40)
2026-09-24 14:52:46.567084+1000 accessibility_probe[36517:6979849] Requested invalid tree cell: 0 0
2026-09-24 14:52:46.567642+1000 accessibility_probe[36517:6979849] QAccessibleTable::cellAt: invalid index:  QModelIndex(-1,-1,0x0,QObject(0x0))  for  QTableWidget(0x12fe2e260)
2026-09-24 14:52:46.567652+1000 accessibility_probe[36517:6979849] QAccessibleTable::cellAt: invalid index:  QModelIndex(-1,-1,0x0,QObject(0x0))  for  QTableWidget(0x12fe2e260)
2026-09-24 14:52:46.567662+1000 accessibility_probe[36517:6979849] QAccessibleTree::indexFromLogical: invalid index:  0 0  for  QTreeWidget(0x131088a40)
2026-09-24 14:52:46.567665+1000 accessibility_probe[36517:6979849] Requested invalid tree cell: 0 0
2026-09-24 14:52:46.568261+1000 accessibility_probe[36517:6979849] QAccessibleTable::cellAt: invalid index:  QModelIndex(-1,-1,0x0,QObject(0x0))  for  QTableWidget(0x12fe2e260)
2026-09-24 14:52:46.568272+1000 accessibility_probe[36517:6979849] QAccessibleTable::cellAt: invalid index:  QModelIndex(-1,-1,0x0,QObject(0x0))  for  QTableWidget(0x12fe2e260)
2026-09-24 14:52:46.568281+1000 accessibility_probe[36517:6979849] QAccessibleTree::indexFromLogical: invalid index:  0 0  for  QTreeWidget(0x131088a40)
2026-09-24 14:52:46.568285+1000 accessibility_probe[36517:6979849] Requested invalid tree cell: 0 0
2026-09-24 14:52:46.569104+1000 accessibility_probe[36517:6979849] QAccessibleTable::cellAt: invalid index:  QModelIndex(-1,-1,0x0,QObject(0x0))  for  QTableWidget(0x12fe2e260)
2026-09-24 14:52:46.569119+1000 accessibility_probe[36517:6979849] QAccessibleTable::cellAt: invalid index:  QModelIndex(-1,-1,0x0,QObject(0x0))  for  QTableWidget(0x12fe2e260)
2026-09-24 14:52:46.569132+1000 accessibility_probe[36517:6979849] QAccessibleTree::indexFromLogical: invalid index:  0 0  for  QTreeWidget(0x131088a40)
2026-09-24 14:52:46.569136+1000 accessibility_probe[36517:6979849] Requested invalid tree cell: 0 0
2026-09-24 14:52:46.570012+1000 accessibility_probe[36517:6979849] QAccessibleTable::cellAt: invalid index:  QModelIndex(-1,-1,0x0,QObject(0x0))  for  QTableWidget(0x12fe2e260)
2026-09-24 14:52:46.570033+1000 accessibility_probe[36517:6979849] QAccessibleTable::cellAt: invalid index:  QModelIndex(-1,-1,0x0,QObject(0x0))  for  QTableWidget(0x12fe2e260)
2026-09-24 14:52:46.570049+1000 accessibility_probe[36517:6979849] QAccessibleTree::indexFromLogical: invalid index:  0 0  for  QTreeWidget(0x131088a40)
2026-09-24 14:52:46.570054+1000 accessibility_probe[36517:6979849] Requested invalid tree cell: 0 0
Process 36517 launched: '/private/tmp/mediamuster-accessibility-build/accessibility_probe' (arm64)
Process 36517 stopped
* thread #1, queue = 'com.apple.main-thread', stop reason = hit Objective-C exception
    frame #0: 0x000000018977eb38 libobjc.A.dylib`objc_exception_throw
libobjc.A.dylib`objc_exception_throw:
->  0x18977eb38 <+0>:  pacibsp 
    0x18977eb3c <+4>:  stp    x28, x27, [sp, #-0x40]!
    0x18977eb40 <+8>:  stp    x22, x21, [sp, #0x10]
    0x18977eb44 <+12>: stp    x20, x19, [sp, #0x20]
Target 0: (accessibility_probe) stopped.
(lldb) thread backtrace
* thread #1, queue = 'com.apple.main-thread', stop reason = hit Objective-C exception
  * frame #0: 0x000000018977eb38 libobjc.A.dylib`objc_exception_throw
    frame #1: 0x0000000189c36860 CoreFoundation`-[__NSArrayM objectAtIndexedSubscript:] + 592
    frame #2: 0x0000000103d40c8c libqcocoa.dylib`___lldb_unnamed_symbol3023 + 408
    frame #3: 0x000000010295510c accessibility_probe`walkNative(object=0x0000000131126180, depth=0, seen=1 element) at probe.mm:41:15
    frame #4: 0x0000000102953da0 accessibility_probe`hitTestNative(widget=0x000000012fe2a540, position=0x000000016d4b26a8) at probe.mm:89:9
    frame #5: 0x000000010295269c accessibility_probe`main(argc=1, argv=0x000000016d4b3160) at probe.mm:180:13
    frame #6: 0x00000001897beb98 dyld`start + 6076
(lldb) frame select 2
frame #2: 0x0000000103d40c8c libqcocoa.dylib`___lldb_unnamed_symbol3023 + 408
libqcocoa.dylib`___lldb_unnamed_symbol3023:
->  0x103d40c8c <+408>: b      0x103d40b4c               ; <+88>

libqcocoa.dylib`___lldb_unnamed_symbol3024:
    0x103d40c90 <+0>:   sub    sp, sp, #0xa0
    0x103d40c94 <+4>:   stp    x26, x25, [sp, #0x50]
    0x103d40c98 <+8>:   stp    x24, x23, [sp, #0x60]
(lldb) image lookup -a $pc
      Address: libqcocoa.dylib[0x0000000000074c8c] (libqcocoa.dylib.__TEXT.__text + 437524)
      Summary: libqcocoa.dylib`___lldb_unnamed_symbol3023 + 408
