Qt=6.5.3 platform=cocoa arch=arm64 guard=0 cycles=30
QAccessibleTable::cellAt: invalid index:  QModelIndex(-1,-1,0x0,QObject(0x0))  for  QListWidget(0x141f47550)
QAccessibleTable::cellAt: invalid index:  QModelIndex(-1,-1,0x0,QObject(0x0))  for  QTableWidget(0x141f4f460)
QAccessibleTable::cellAt: invalid index:  QModelIndex(-1,-1,0x0,QObject(0x0))  for  QTableWidget(0x141f4f460)
QAccessibleTree::indexFromLogical: invalid index:  0 0  for  QTreeWidget(0x132c245a0)
Requested invalid tree cell: 0 0
accessibility active=1
stage=QInputDialog::getItem
cycle=0 stage=list
QAccessibleTable::cellAt: invalid index:  QModelIndex(-1,-1,0x0,QObject(0x0))  for  QListWidget(0x141f47550)
QAccessibleTable::cellAt: invalid index:  QModelIndex(-1,-1,0x0,QObject(0x0))  for  QTableWidget(0x141f4f460)
QAccessibleTable::cellAt: invalid index:  QModelIndex(-1,-1,0x0,QObject(0x0))  for  QTableWidget(0x141f4f460)
QAccessibleTree::indexFromLogical: invalid index:  0 0  for  QTreeWidget(0x132c245a0)
Requested invalid tree cell: 0 0
QAccessibleTable::cellAt: invalid index:  QModelIndex(-1,-1,0x0,QObject(0x0))  for  QTableWidget(0x141f4f460)
QAccessibleTable::cellAt: invalid index:  QModelIndex(-1,-1,0x0,QObject(0x0))  for  QTableWidget(0x141f4f460)
QAccessibleTree::indexFromLogical: invalid index:  0 0  for  QTreeWidget(0x132c245a0)
Requested invalid tree cell: 0 0
QAccessibleTable::cellAt: invalid index:  QModelIndex(-1,-1,0x0,QObject(0x0))  for  QTableWidget(0x141f4f460)
QAccessibleTable::cellAt: invalid index:  QModelIndex(-1,-1,0x0,QObject(0x0))  for  QTableWidget(0x141f4f460)
QAccessibleTree::indexFromLogical: invalid index:  0 0  for  QTreeWidget(0x132c245a0)
Requested invalid tree cell: 0 0
QAccessibleTable::cellAt: invalid index:  QModelIndex(-1,-1,0x0,QObject(0x0))  for  QTableWidget(0x141f4f460)
QAccessibleTable::cellAt: invalid index:  QModelIndex(-1,-1,0x0,QObject(0x0))  for  QTableWidget(0x141f4f460)
QAccessibleTree::indexFromLogical: invalid index:  0 0  for  QTreeWidget(0x132c245a0)
Requested invalid tree cell: 0 0
QAccessibleTable::cellAt: invalid index:  QModelIndex(-1,-1,0x0,QObject(0x0))  for  QTableWidget(0x141f4f460)
QAccessibleTable::cellAt: invalid index:  QModelIndex(-1,-1,0x0,QObject(0x0))  for  QTableWidget(0x141f4f460)
QAccessibleTree::indexFromLogical: invalid index:  0 0  for  QTreeWidget(0x132c245a0)
Requested invalid tree cell: 0 0
QAccessibleTable::cellAt: invalid index:  QModelIndex(-1,-1,0x0,QObject(0x0))  for  QTableWidget(0x141f4f460)
QAccessibleTable::cellAt: invalid index:  QModelIndex(-1,-1,0x0,QObject(0x0))  for  QTableWidget(0x141f4f460)
QAccessibleTree::indexFromLogical: invalid index:  0 0  for  QTreeWidget(0x132c245a0)
Requested invalid tree cell: 0 0
QAccessibleTable::cellAt: invalid index:  QModelIndex(-1,-1,0x0,QObject(0x0))  for  QTableWidget(0x141f4f460)
QAccessibleTable::cellAt: invalid index:  QModelIndex(-1,-1,0x0,QObject(0x0))  for  QTableWidget(0x141f4f460)
QAccessibleTree::indexFromLogical: invalid index:  0 0  for  QTreeWidget(0x132c245a0)
Requested invalid tree cell: 0 0
QAccessibleTable::cellAt: invalid index:  QModelIndex(-1,-1,0x0,QObject(0x0))  for  QTableWidget(0x141f4f460)
QAccessibleTable::cellAt: invalid index:  QModelIndex(-1,-1,0x0,QObject(0x0))  for  QTableWidget(0x141f4f460)
QAccessibleTree::indexFromLogical: invalid index:  0 0  for  QTreeWidget(0x132c245a0)
Requested invalid tree cell: 0 0
QAccessibleTable::cellAt: invalid index:  QModelIndex(-1,-1,0x0,QObject(0x0))  for  QTableWidget(0x141f4f460)
QAccessibleTable::cellAt: invalid index:  QModelIndex(-1,-1,0x0,QObject(0x0))  for  QTableWidget(0x141f4f460)
QAccessibleTree::indexFromLogical: invalid index:  0 0  for  QTreeWidget(0x132c245a0)
Requested invalid tree cell: 0 0
QAccessibleTable::cellAt: invalid index:  QModelIndex(-1,-1,0x0,QObject(0x0))  for  QTableWidget(0x141f4f460)
QAccessibleTable::cellAt: invalid index:  QModelIndex(-1,-1,0x0,QObject(0x0))  for  QTableWidget(0x141f4f460)
QAccessibleTree::indexFromLogical: invalid index:  0 0  for  QTreeWidget(0x132c245a0)
Requested invalid tree cell: 0 0
QAccessibleTable::cellAt: invalid index:  QModelIndex(-1,-1,0x0,QObject(0x0))  for  QTableWidget(0x141f4f460)
QAccessibleTable::cellAt: invalid index:  QModelIndex(-1,-1,0x0,QObject(0x0))  for  QTableWidget(0x141f4f460)
QAccessibleTree::indexFromLogical: invalid index:  0 0  for  QTreeWidget(0x132c245a0)
Requested invalid tree cell: 0 0
QAccessibleTable::cellAt: invalid index:  QModelIndex(-1,-1,0x0,QObject(0x0))  for  QTableWidget(0x141f4f460)
QAccessibleTable::cellAt: invalid index:  QModelIndex(-1,-1,0x0,QObject(0x0))  for  QTableWidget(0x141f4f460)
QAccessibleTree::indexFromLogical: invalid index:  0 0  for  QTreeWidget(0x132c245a0)
Requested invalid tree cell: 0 0
QAccessibleTable::cellAt: invalid index:  QModelIndex(-1,-1,0x0,QObject(0x0))  for  QTableWidget(0x141f4f460)
QAccessibleTable::cellAt: invalid index:  QModelIndex(-1,-1,0x0,QObject(0x0))  for  QTableWidget(0x141f4f460)
QAccessibleTree::indexFromLogical: invalid index:  0 0  for  QTreeWidget(0x132c245a0)
Requested invalid tree cell: 0 0
*** Terminating app due to uncaught exception 'NSRangeException', reason: '*** -[__NSArrayM objectAtIndexedSubscript:]: index 11 beyond bounds [0 .. 10]'
*** First throw call stack:
(
	0   CoreFoundation                      0x0000000189cbc3b0 __exceptionPreprocess + 176
	1   libobjc.A.dylib                     0x000000018977eb90 objc_exception_throw + 88
	2   CoreFoundation                      0x0000000189c36860 -[__NSCFString hasSuffix:] + 0
	3   libqcocoa.dylib                     0x00000001020f4c8c _ZN20QCocoaSystemTrayIcon13emitActivatedEv + 272752
	4   accessibility_probe                 0x0000000100d0910c _ZL10walkNativeP11objc_objectiP12NSMutableSet + 372
	5   accessibility_probe                 0x0000000100d07da0 _ZL13hitTestNativeR7QWidgetRK6QPoint + 480
	6   accessibility_probe                 0x0000000100d0669c main + 4396
	7   dyld                                0x00000001897beb98 start + 6076
)
libc++abi: terminating due to uncaught exception of type NSException
