src/aboutdialog.h: PASS
src/avbparser.h: PASS
src/avideffects.h: PASS
src/avidprecompute.h: PASS
src/avidtext.h: PASS
src/avidusage.h: PASS
src/backgroundjob.h: PASS
src/bentofile.h: PASS
src/binfilter.h: PASS
src/binfilterdialog.h: PASS
src/conventions.h: PASS
src/crashcollector.h: PASS
src/dragdroputil.h: PASS
src/effectfilterdialog.h: PASS
src/enumutil.h: PASS
src/fileidentity.h: PASS
src/formatutil.h: PASS
src/icons.h: PASS
src/layoututil.h: PASS
src/logcategories.h: PASS
src/logfile.h: PASS
src/macaccessibilityguard.h: PASS
src/mainwindow.h: PASS
src/managemediadialog.h: PASS
src/mdbparser.h: PASS
src/mediacsv.h: PASS
src/mediafile.h: PASS
src/mediafilterproxy.h: PASS
src/mediascanner.h: PASS
src/mediatablemodel.h: PASS
src/mobid.h: PASS
src/mxfparser.h: PASS
src/mxfproperties.h: PASS
src/nativefile.h: PASS
src/omfobjects.h: PASS
src/omfparser.h: PASS
src/omfresolutions.h: PASS
src/omfuid.h: PASS
src/opcopier.h: PASS
src/opjournal.h: PASS
src/opmanager.h: PASS
src/oprequest.h: PASS
src/oprescue.h: PASS
src/oprunner.h: PASS
src/opundo.h: PASS
src/opverify.h: PASS
src/parkedfile.h: PASS
src/pathkey.h: PASS
src/pmrkey.h: PASS
src/pmrparser.h: PASS
src/precomputefilter.h: PASS
src/progressdialog.h: PASS
src/progressthrottle.h: PASS
src/rebalancedialog.h: PASS
src/rebalanceplan.h: PASS
src/rebalancer.h: PASS
src/revealinfinder.h: PASS
src/testpause.h: PASS
src/third_party/xxhash.h: PASS
src/trashrouter.h: PASS
src/volumelistwidget.h: PASS
src/volumemanager.h: PASS
TOTAL 62 headers, 0 failures
